/home/cad/eda/Mentor_Graphics/Tessent_2026/tessent_2026.1/bin/tessent -shell -logfile ./logs/aug18_atpg.log -replace -dofile dofile/atpg.do
//  Tessent Shell  2026.1    Thu Feb 26 18:38:00 GMT 2026
//                Unpublished work. Copyright 2026 Siemens
//
//      This material contains trade secrets or otherwise confidential 
//  information owned by Siemens Industry Software Inc. or its affiliates 
//   (collectively, "SISW"), or its licensors. Access to and use of this 
//     information is strictly limited as set forth in the Customer's 
//                   applicable agreements with SISW. 
//
//  Siemens software executing under x86-64 Linux on Tue Aug 18 14:53:55 IST 2026.
//  64 bit version
//  Host: mavenserver-RH3 (255072 MB RAM, 122071 MB Swap)
//
//  command: set_context patterns -scan
//  command: set_tsdb_output_directory ./TSDB
//  command: read_cell_library ../../../libs/NangateOpenCellLibrary.tcelllib ../../../libs/dft_sim.tcelllib
//  Reading DFT Library file ../../../libs/NangateOpenCellLibrary.tcelllib
//  Finished reading file ../../../libs/NangateOpenCellLibrary.tcelllib
//  Reading DFT Library file ../../../libs/dft_sim.tcelllib
//  Finished reading file ../../../libs/dft_sim.tcelllib
//  command: read_design msrv_soc_uncorewrapper -design_identifier gate2 -verbose
//  sub-command: set_tool_options -reapply_settings_after_reelaboration On
//  sub-command: set_read_design_tag msrv_soc_uncorewrapper
//  sub-command: read_verilog ./TSDB/dft_inserted_designs/msrv_soc_uncorewrapper_gate2.dft_inserted_design/msrv_soc_uncorewrapper.vg -no_duplicate_modules_warnings
//  sub-command: set_read_design_tag ""
//  sub-command: set_tool_options -reapply_settings_after_reelaboration Off
//  sub-command: read_icl ./TSDB/dft_inserted_designs/msrv_soc_uncorewrapper_gate2.dft_inserted_design/msrv_soc_uncorewrapper.icl -skip_child_blocks -no_notes
//  sub-command: source ./TSDB/dft_inserted_designs/msrv_soc_uncorewrapper_gate2.dft_inserted_design/msrv_soc_uncorewrapper.pdl
//  sub-command: read_core_descriptions ./TSDB/dft_inserted_designs/msrv_soc_uncorewrapper_gate2.dft_inserted_design/msrv_soc_uncorewrapper.tcd
//  command: #read_verilog ./scan_inserted_netlist/scan_inserted_netlist.v 
//  command: set_current_design msrv_soc_uncorewrapper -show_elaboration_warnings
//  Warning: Pin 'clk' of module 'msrv_soc_eeprom' is undefined, direction assumed to be input
//  Warning: Pin 'rst_n' of module 'msrv_soc_eeprom' is undefined, direction assumed to be input
//  Warning: Pin 'write_enable' of module 'msrv_soc_eeprom' is undefined, direction assumed to be input
//  Note: Changing pin 'CK' function from 'active_low_clock' to 'clock_in'
//        Model 'CLKGATE_X1' line 1266 file '../../../libs/NangateOpenCellLibrary.tcelllib'
//  Note: Changing pin 'CK' function from 'active_low_clock' to 'clock_in'
//        Model 'CLKGATE_X2' line 1282 file '../../../libs/NangateOpenCellLibrary.tcelllib'
//  Note: Changing pin 'CK' function from 'active_low_clock' to 'clock_in'
//        Model 'CLKGATE_X4' line 1298 file '../../../libs/NangateOpenCellLibrary.tcelllib'
//  Note: Changing pin 'CK' function from 'active_low_clock' to 'clock_in'
//        Model 'CLKGATE_X8' line 1314 file '../../../libs/NangateOpenCellLibrary.tcelllib'
//  Warning: Undefined modules were found.
//           Before using "set_system_mode" or "create_flat_model", you must either define
//           the missing modules using "read_verilog" and/or "read_cell_library", or use the
//           following command to treat them as black boxes:
             add_black_boxes -modules { \
                    msrv_soc_eeprom \
             }
//           You can also use "add_black_boxes -auto" to black box all undefined modules but
//           it is recommended that you do not add this command to your dofile. Doing so may
//           unintentionally black-box new undefined modules in future runs.
//  Warning: Net 'edt_update_inv' in module 'msrv_soc_uncorewrapper' has no pins
//  Warning: Net 'rtlcClkX' in module 'msrv_soc_uncorewrapper' has no pins
//  Warning: Net 'rtlcXXX' in module 'msrv_soc_uncorewrapper' has no pins
//  Warning: Net 'HREADRam[63]' in module 'msrv_soc_uncore' is not driven
//  Warning: Net 'HREADRam[62]' in module 'msrv_soc_uncore' is not driven
//  Warning: Net 'HREADRam[61]' in module 'msrv_soc_uncore' is not driven
//  Warning: Net 'HREADRam[60]' in module 'msrv_soc_uncore' is not driven
//  Warning: Net 'HREADRam[59]' in module 'msrv_soc_uncore' is not driven
//  Warning: Net 'HREADRam[58]' in module 'msrv_soc_uncore' is not driven
//  Warning: Net 'HREADRam[57]' in module 'msrv_soc_uncore' is not driven
//  Warning: Net 'HREADRam[56]' in module 'msrv_soc_uncore' is not driven
//  Warning: Net 'HREADRam[55]' in module 'msrv_soc_uncore' is not driven
//  Warning: Net 'HREADRam[54]' in module 'msrv_soc_uncore' is not driven
//  Warning: Net 'HREADRam[53]' in module 'msrv_soc_uncore' is not driven
//  Warning: Net 'HREADRam[52]' in module 'msrv_soc_uncore' is not driven
//  Warning: Net 'HREADRam[51]' in module 'msrv_soc_uncore' is not driven
//  Warning: Net 'HREADRam[50]' in module 'msrv_soc_uncore' is not driven
//  Warning: Net 'HREADRam[49]' in module 'msrv_soc_uncore' is not driven
//  Warning: Net 'HREADRam[48]' in module 'msrv_soc_uncore' is not driven
//  Warning: Net 'HREADRam[47]' in module 'msrv_soc_uncore' is not driven
//  Warning: Net 'HREADRam[46]' in module 'msrv_soc_uncore' is not driven
//  Warning: Net 'HREADRam[45]' in module 'msrv_soc_uncore' is not driven
//  Warning: Net 'HREADRam[44]' in module 'msrv_soc_uncore' is not driven
//  Warning: Net 'HREADRam[43]' in module 'msrv_soc_uncore' is not driven
//  Warning: Net 'HREADRam[42]' in module 'msrv_soc_uncore' is not driven
//  Warning: Net 'HREADRam[41]' in module 'msrv_soc_uncore' is not driven
//  Warning: Net 'HREADRam[40]' in module 'msrv_soc_uncore' is not driven
//  Warning: Net 'HREADRam[39]' in module 'msrv_soc_uncore' is not driven
//  Warning: Net 'HREADRam[38]' in module 'msrv_soc_uncore' is not driven
//  Warning: Net 'HREADRam[37]' in module 'msrv_soc_uncore' is not driven
//  Warning: Net 'HREADRam[36]' in module 'msrv_soc_uncore' is not driven
//  Warning: Net 'HREADRam[35]' in module 'msrv_soc_uncore' is not driven
//  Warning: Net 'HREADRam[34]' in module 'msrv_soc_uncore' is not driven
//  Warning: Net 'HREADRam[33]' in module 'msrv_soc_uncore' is not driven
//  Warning: Net 'HREADRam[32]' in module 'msrv_soc_uncore' is not driven
//  Warning: Net 'HREADRam[31]' in module 'msrv_soc_uncore' is not driven
//  Warning: Net 'HREADRam[30]' in module 'msrv_soc_uncore' is not driven
//  Warning: Net 'HREADRam[29]' in module 'msrv_soc_uncore' is not driven
//  Warning: Net 'HREADRam[28]' in module 'msrv_soc_uncore' is not driven
//  Warning: Net 'HREADRam[27]' in module 'msrv_soc_uncore' is not driven
//  Warning: Net 'HREADRam[26]' in module 'msrv_soc_uncore' is not driven
//  Warning: Net 'HREADRam[25]' in module 'msrv_soc_uncore' is not driven
//  Warning: Net 'HREADRam[24]' in module 'msrv_soc_uncore' is not driven
//  Warning: Net 'HREADRam[23]' in module 'msrv_soc_uncore' is not driven
//  Warning: Net 'HREADRam[22]' in module 'msrv_soc_uncore' is not driven
//  Warning: Net 'HREADRam[21]' in module 'msrv_soc_uncore' is not driven
//  Warning: Net 'HREADRam[20]' in module 'msrv_soc_uncore' is not driven
//  Warning: Net 'HREADRam[19]' in module 'msrv_soc_uncore' is not driven
//  Warning: Net 'HREADRam[18]' in module 'msrv_soc_uncore' is not driven
//  Warning: Net 'HREADRam[17]' in module 'msrv_soc_uncore' is not driven
//  Warning: Net 'HREADRam[16]' in module 'msrv_soc_uncore' is not driven
//  Warning: Net 'HREADRam[15]' in module 'msrv_soc_uncore' is not driven
//  Warning: Net 'HREADRam[14]' in module 'msrv_soc_uncore' is not driven
//  Warning: Net 'HREADRam[13]' in module 'msrv_soc_uncore' is not driven
//  Warning: Net 'HREADRam[12]' in module 'msrv_soc_uncore' is not driven
//  Warning: Net 'HREADRam[11]' in module 'msrv_soc_uncore' is not driven
//  Warning: Net 'HREADRam[10]' in module 'msrv_soc_uncore' is not driven
//  Warning: Net 'HREADRam[9]' in module 'msrv_soc_uncore' is not driven
//  Warning: Net 'HREADRam[8]' in module 'msrv_soc_uncore' is not driven
//  Warning: Net 'HREADRam[7]' in module 'msrv_soc_uncore' is not driven
//  Warning: Net 'HREADRam[6]' in module 'msrv_soc_uncore' is not driven
//  Warning: Net 'HREADRam[5]' in module 'msrv_soc_uncore' is not driven
//  Warning: Net 'HREADRam[4]' in module 'msrv_soc_uncore' is not driven
//  Warning: Net 'HREADRam[3]' in module 'msrv_soc_uncore' is not driven
//  Warning: Net 'HREADRam[2]' in module 'msrv_soc_uncore' is not driven
//  Warning: Net 'HREADRam[1]' in module 'msrv_soc_uncore' is not driven
//  Warning: Net 'HREADRam[0]' in module 'msrv_soc_uncore' is not driven
//  Warning: Net 'HREADSDC[63]' in module 'msrv_soc_uncore' has no pins
//  Warning: Net 'HREADSDC[62]' in module 'msrv_soc_uncore' has no pins
//  Warning: Net 'HREADSDC[61]' in module 'msrv_soc_uncore' has no pins
//  Warning: Net 'HREADSDC[60]' in module 'msrv_soc_uncore' has no pins
//  Warning: Net 'HREADSDC[59]' in module 'msrv_soc_uncore' has no pins
//  Warning: Net 'HREADSDC[58]' in module 'msrv_soc_uncore' has no pins
//  Warning: Net 'HREADSDC[57]' in module 'msrv_soc_uncore' has no pins
//  Warning: Net 'HREADSDC[56]' in module 'msrv_soc_uncore' has no pins
//  Warning: Net 'HREADSDC[55]' in module 'msrv_soc_uncore' has no pins
//  Warning: Net 'HREADSDC[54]' in module 'msrv_soc_uncore' has no pins
//  Warning: Net 'HREADSDC[53]' in module 'msrv_soc_uncore' has no pins
//  Warning: Net 'HREADSDC[52]' in module 'msrv_soc_uncore' has no pins
//  Warning: Net 'HREADSDC[51]' in module 'msrv_soc_uncore' has no pins
//  Warning: Net 'HREADSDC[50]' in module 'msrv_soc_uncore' has no pins
//  Warning: Net 'HREADSDC[49]' in module 'msrv_soc_uncore' has no pins
//  Warning: Net 'HREADSDC[48]' in module 'msrv_soc_uncore' has no pins
//  Warning: Net 'HREADSDC[47]' in module 'msrv_soc_uncore' has no pins
//  Warning: Net 'HREADSDC[46]' in module 'msrv_soc_uncore' has no pins
//  Warning: Net 'HREADSDC[45]' in module 'msrv_soc_uncore' has no pins
//  Warning: Net 'HREADSDC[44]' in module 'msrv_soc_uncore' has no pins
//  Warning: Net 'HREADSDC[43]' in module 'msrv_soc_uncore' has no pins
//  Warning: Net 'HREADSDC[42]' in module 'msrv_soc_uncore' has no pins
//  Warning: Net 'HREADSDC[41]' in module 'msrv_soc_uncore' has no pins
//  Warning: Net 'HREADSDC[40]' in module 'msrv_soc_uncore' has no pins
//  Warning: Net 'HREADSDC[39]' in module 'msrv_soc_uncore' has no pins
//  Warning: Net 'HREADSDC[38]' in module 'msrv_soc_uncore' has no pins
//  Warning: Net 'HREADSDC[37]' in module 'msrv_soc_uncore' has no pins
//  Warning: Net 'HREADSDC[36]' in module 'msrv_soc_uncore' has no pins
//  Warning: Net 'HREADSDC[35]' in module 'msrv_soc_uncore' has no pins
//  Warning: Net 'HREADSDC[34]' in module 'msrv_soc_uncore' has no pins
//  Warning: Net 'HREADSDC[33]' in module 'msrv_soc_uncore' has no pins
//  Warning: Net 'HREADSDC[32]' in module 'msrv_soc_uncore' has no pins
//  Warning: Net 'HREADSDC[31]' in module 'msrv_soc_uncore' has no pins
//  Warning: Net 'HREADSDC[30]' in module 'msrv_soc_uncore' has no pins
//  Warning: Net 'HREADSDC[29]' in module 'msrv_soc_uncore' has no pins
//  Warning: Net 'HREADSDC[28]' in module 'msrv_soc_uncore' has no pins
//  Warning: Net 'HREADSDC[27]' in module 'msrv_soc_uncore' has no pins
//  Warning: Net 'HREADSDC[26]' in module 'msrv_soc_uncore' has no pins
//  Warning: Net 'HREADSDC[25]' in module 'msrv_soc_uncore' has no pins
//  Warning: Net 'HREADSDC[24]' in module 'msrv_soc_uncore' has no pins
//  Warning: Net 'HREADSDC[23]' in module 'msrv_soc_uncore' has no pins
//  Warning: Net 'HREADSDC[22]' in module 'msrv_soc_uncore' has no pins
//  Warning: Net 'HREADSDC[21]' in module 'msrv_soc_uncore' has no pins
//  Warning: Net 'HREADSDC[20]' in module 'msrv_soc_uncore' has no pins
//  Warning: Net 'HREADSDC[19]' in module 'msrv_soc_uncore' has no pins
//  Warning: Net 'HREADSDC[18]' in module 'msrv_soc_uncore' has no pins
//  Warning: Net 'HREADSDC[17]' in module 'msrv_soc_uncore' has no pins
//  Warning: Net 'HREADSDC[16]' in module 'msrv_soc_uncore' has no pins
//  Warning: Net 'HREADSDC[15]' in module 'msrv_soc_uncore' has no pins
//  Warning: Net 'HREADSDC[14]' in module 'msrv_soc_uncore' has no pins
//  Warning: Net 'HREADSDC[13]' in module 'msrv_soc_uncore' has no pins
//  Warning: Net 'HREADSDC[12]' in module 'msrv_soc_uncore' has no pins
//  Warning: Net 'HREADSDC[11]' in module 'msrv_soc_uncore' has no pins
//  Warning: Net 'HREADSDC[10]' in module 'msrv_soc_uncore' has no pins
//  Warning: Net 'HREADSDC[9]' in module 'msrv_soc_uncore' has no pins
//  Warning: Net 'HREADSDC[8]' in module 'msrv_soc_uncore' has no pins
//  Warning: Net 'HREADSDC[7]' in module 'msrv_soc_uncore' has no pins
//  Warning: Net 'HREADSDC[6]' in module 'msrv_soc_uncore' has no pins
//  Warning: Net 'HREADSDC[5]' in module 'msrv_soc_uncore' has no pins
//  Warning: Net 'HREADSDC[4]' in module 'msrv_soc_uncore' has no pins
//  Warning: Net 'HREADSDC[3]' in module 'msrv_soc_uncore' has no pins
//  Warning: Net 'HREADSDC[2]' in module 'msrv_soc_uncore' has no pins
//  Warning: Net 'HREADSDC[1]' in module 'msrv_soc_uncore' has no pins
//  Warning: Net 'HREADSDC[0]' in module 'msrv_soc_uncore' has no pins
//  Warning: Net 'aux_in[8]' in module 'msrv_soc_uncore' is not driven
//  Warning: Net 'aux_in[6]' in module 'msrv_soc_uncore' is not driven
//  Warning: Net 'HSELSDCD' in module 'msrv_soc_uncore' has no pins
//  Warning: Net 'HRESPRam' in module 'msrv_soc_uncore' is not driven
//  Warning: Net 'HRESPSDC' in module 'msrv_soc_uncore' has no pins
//  Warning: Net 'HREADYRam' in module 'msrv_soc_uncore' is not driven
//  Warning: Net 'HRESPSDCD' in module 'msrv_soc_uncore' has no pins
//  Warning: Net 'HREADYSDC' in module 'msrv_soc_uncore' has no pins
//  Warning: Net 'SDCIntM' in module 'msrv_soc_uncore' has no pins
//  Warning: Net 'rtlcClkX' in module 'msrv_soc_uncore' has no pins
//  Warning: Net 'rtlcXXX' in module 'msrv_soc_uncore' has no pins
//  Warning: Net 'rtlcClkX' in module 'msrv_soc_adrdecs' has no pins
//  Warning: Net 'rtlcXXX' in module 'msrv_soc_adrdecs' has no pins
//  Warning: Net 'rtlcClkX' in module 'msrv_soc_adrdec' has no pins
//  Warning: Net 'rtlcXXX' in module 'msrv_soc_adrdec' has no pins
//  Warning: Net 'rtlcN_out_mux0' in module 'M_RTLSIM_MUXN_DCZ_4_2' has no pins
//  Warning: Net 's_wdata[15]' in module 'msrv_soc_ahbapbbridge' has no pins
//  Warning: Net 's_resp' in module 'msrv_soc_ahbapbbridge' has no pins
//  Warning: Net 'rtlcXXX' in module 'msrv_soc_ahbapbbridge' has no pins
//  Warning: Net 'rtlcClkX' in module 'msrv_soc_ahbapbbridge' has no pins
//  Warning: Net 'rtlcClkX' in module 'msrv_soc_ahb_slave' has no pins
//  Warning: Net 'rtlcXXX' in module 'msrv_soc_ahb_slave' has no pins
//  Warning: Net 'rtlcN_out_mux0' in module 'M_RTLSIM_MUXN_4_2' has no pins
//  Warning: Net 'rtlcClkX' in module 'msrv_soc_synchronizer_1' has no pins
//  Warning: Net 'rtlcXXX' in module 'msrv_soc_synchronizer_1' has no pins
//  Warning: Net 'rtlcClkX' in module 'msrv_soc_synchronizer' has no pins
//  Warning: Net 'rtlcXXX' in module 'msrv_soc_synchronizer' has no pins
//  Warning: Net 'rtlcClkX' in module 'msrv_soc_apb_master' has no pins
//  Warning: Net 'rtlcXXX' in module 'msrv_soc_apb_master' has no pins
//  Warning: Net 'rtlc21n1' in module 'msrv_soc_apb_master' has no pins
//  Warning: Net 'rtlcClkX' in module 'msrv_soc_flopenl' has no pins
//  Warning: Net 'rtlcXXX' in module 'msrv_soc_flopenl' has no pins
//  Warning: Net 'rtlcClkX' in module 'msrv_soc_flopenr_1' has no pins
//  Warning: Net 'rtlcXXX' in module 'msrv_soc_flopenr_1' has no pins
//  Warning: Net 'HADDRD[3]' in module 'msrv_soc_rom_ahb' has no pins
//  Warning: Net 'rtlcClkX' in module 'msrv_soc_rom_ahb' has no pins
//  Warning: Net 'rtlcXXX' in module 'msrv_soc_rom_ahb' has no pins
//  Warning: Net 'rtlcClkX' in module 'msrv_soc_flopenr_2' has no pins
//  Warning: Net 'rtlcXXX' in module 'msrv_soc_flopenr_2' has no pins
//  Warning: Net 'rtlcClkX' in module 'msrv_soc_flopenr_pv1' has no pins
//  Warning: Net 'rtlcXXX' in module 'msrv_soc_flopenr_pv1' has no pins
//  Warning: Net 'rtlcClkX' in module 'msrv_soc_flopr_1' has no pins
//  Warning: Net 'rtlcXXX' in module 'msrv_soc_flopr_1' has no pins
//  Warning: Net 'rtlcClkX' in module 'msrv_soc_mux2' has no pins
//  Warning: Net 'rtlcXXX' in module 'msrv_soc_mux2' has no pins
//  Warning: Net 'MTIMECMP[0]' in module 'msrv_soc_clint_apb' has no pins
//  Warning: Net 'rtlcClkX' in module 'msrv_soc_clint_apb' has no pins
//  Warning: Net 'rtlcXXX' in module 'msrv_soc_clint_apb' has no pins
//  Warning: Net 'rtlc4n167[31]' in module 'msrv_soc_plic_apb' has no pins
//  Warning: Net 'rtlc4n167[30]' in module 'msrv_soc_plic_apb' has no pins
//  Warning: Net 'rtlc4n167[29]' in module 'msrv_soc_plic_apb' has no pins
//  Warning: Net 'rtlc4n167[28]' in module 'msrv_soc_plic_apb' has no pins
//  Warning: Net 'rtlc4n167[27]' in module 'msrv_soc_plic_apb' has no pins
//  Warning: Net 'rtlc4n167[26]' in module 'msrv_soc_plic_apb' has no pins
//  Warning: Net 'rtlc4n167[25]' in module 'msrv_soc_plic_apb' has no pins
//  Warning: Net 'rtlc4n167[24]' in module 'msrv_soc_plic_apb' has no pins
//  Warning: Net 'rtlc4n167[23]' in module 'msrv_soc_plic_apb' has no pins
//  Warning: Net 'rtlc4n167[22]' in module 'msrv_soc_plic_apb' has no pins
//  Warning: Net 'rtlc4n167[21]' in module 'msrv_soc_plic_apb' has no pins
//  Warning: Net 'rtlc4n167[20]' in module 'msrv_soc_plic_apb' has no pins
//  Warning: Net 'rtlc4n167[19]' in module 'msrv_soc_plic_apb' has no pins
//  Warning: Net 'rtlc4n167[18]' in module 'msrv_soc_plic_apb' has no pins
//  Warning: Net 'rtlc4n167[17]' in module 'msrv_soc_plic_apb' has no pins
//  Warning: Net 'rtlc4n167[16]' in module 'msrv_soc_plic_apb' has no pins
//  Warning: Net 'rtlc4n167[15]' in module 'msrv_soc_plic_apb' has no pins
//  Warning: Net 'rtlc4n167[14]' in module 'msrv_soc_plic_apb' has no pins
//  Warning: Net 'rtlc4n167[13]' in module 'msrv_soc_plic_apb' has no pins
//  Warning: Net 'rtlc4n167[12]' in module 'msrv_soc_plic_apb' has no pins
//  Warning: Net 'rtlc4n167[11]' in module 'msrv_soc_plic_apb' has no pins
//  Warning: Net 'rtlc4n167[10]' in module 'msrv_soc_plic_apb' has no pins
//  Warning: Net 'rtlc4n167[9]' in module 'msrv_soc_plic_apb' has no pins
//  Warning: Net 'rtlc4n167[8]' in module 'msrv_soc_plic_apb' has no pins
//  Warning: Net 'rtlc4n167[7]' in module 'msrv_soc_plic_apb' has no pins
//  Warning: Net 'rtlc4n167[6]' in module 'msrv_soc_plic_apb' has no pins
//  Warning: Net 'rtlc4n297[31]' in module 'msrv_soc_plic_apb' has no pins
//  Warning: Net 'rtlc4n297[30]' in module 'msrv_soc_plic_apb' has no pins
//  Warning: Net 'rtlc4n297[29]' in module 'msrv_soc_plic_apb' has no pins
//  Warning: Net 'rtlc4n297[28]' in module 'msrv_soc_plic_apb' has no pins
//  Warning: Net 'rtlc4n297[27]' in module 'msrv_soc_plic_apb' has no pins
//  Warning: Net 'rtlc4n297[26]' in module 'msrv_soc_plic_apb' has no pins
//  Warning: Net 'rtlc4n297[25]' in module 'msrv_soc_plic_apb' has no pins
//  Warning: Net 'rtlc4n297[24]' in module 'msrv_soc_plic_apb' has no pins
//  Warning: Net 'rtlc4n297[23]' in module 'msrv_soc_plic_apb' has no pins
//  Warning: Net 'rtlc4n297[22]' in module 'msrv_soc_plic_apb' has no pins
//  Warning: Net 'rtlc4n297[21]' in module 'msrv_soc_plic_apb' has no pins
//  Warning: Net 'rtlc4n297[20]' in module 'msrv_soc_plic_apb' has no pins
//  Warning: Net 'rtlc4n297[19]' in module 'msrv_soc_plic_apb' has no pins
//  Warning: Net 'rtlc4n297[18]' in module 'msrv_soc_plic_apb' has no pins
//  Warning: Net 'rtlc4n297[17]' in module 'msrv_soc_plic_apb' has no pins
//  Warning: Net 'rtlc4n297[16]' in module 'msrv_soc_plic_apb' has no pins
//  Warning: Net 'rtlc4n297[15]' in module 'msrv_soc_plic_apb' has no pins
//  Warning: Net 'rtlc4n297[14]' in module 'msrv_soc_plic_apb' has no pins
//  Warning: Net 'rtlc4n297[13]' in module 'msrv_soc_plic_apb' has no pins
//  Warning: Net 'rtlc4n297[12]' in module 'msrv_soc_plic_apb' has no pins
//  Warning: Net 'rtlc4n297[11]' in module 'msrv_soc_plic_apb' has no pins
//  Warning: Net 'rtlc4n297[10]' in module 'msrv_soc_plic_apb' has no pins
//  Warning: Net 'rtlc4n297[9]' in module 'msrv_soc_plic_apb' has no pins
//  Warning: Net 'rtlc4n297[8]' in module 'msrv_soc_plic_apb' has no pins
//  Warning: Net 'rtlc4n297[7]' in module 'msrv_soc_plic_apb' has no pins
//  Warning: Net 'rtlc4n297[6]' in module 'msrv_soc_plic_apb' has no pins
//  Warning: Net 'rtlc4n321[31]' in module 'msrv_soc_plic_apb' has no pins
//  Warning: Net 'rtlc4n321[30]' in module 'msrv_soc_plic_apb' has no pins
//  Warning: Net 'rtlc4n321[29]' in module 'msrv_soc_plic_apb' has no pins
//  Warning: Net 'rtlc4n321[28]' in module 'msrv_soc_plic_apb' has no pins
//  Warning: Net 'rtlc4n321[27]' in module 'msrv_soc_plic_apb' has no pins
//  Warning: Net 'rtlc4n321[26]' in module 'msrv_soc_plic_apb' has no pins
//  Warning: Net 'rtlc4n321[25]' in module 'msrv_soc_plic_apb' has no pins
//  Warning: Net 'rtlc4n321[24]' in module 'msrv_soc_plic_apb' has no pins
//  Warning: Net 'rtlc4n321[23]' in module 'msrv_soc_plic_apb' has no pins
//  Warning: Net 'rtlc4n321[22]' in module 'msrv_soc_plic_apb' has no pins
//  Warning: Net 'rtlc4n321[21]' in module 'msrv_soc_plic_apb' has no pins
//  Warning: Net 'rtlc4n321[20]' in module 'msrv_soc_plic_apb' has no pins
//  Warning: Net 'rtlc4n321[19]' in module 'msrv_soc_plic_apb' has no pins
//  Warning: Net 'rtlc4n321[18]' in module 'msrv_soc_plic_apb' has no pins
//  Warning: Net 'rtlc4n321[17]' in module 'msrv_soc_plic_apb' has no pins
//  Warning: Net 'rtlc4n321[16]' in module 'msrv_soc_plic_apb' has no pins
//  Warning: Net 'rtlc4n321[15]' in module 'msrv_soc_plic_apb' has no pins
//  Warning: Net 'rtlc4n321[14]' in module 'msrv_soc_plic_apb' has no pins
//  Warning: Net 'rtlc4n321[13]' in module 'msrv_soc_plic_apb' has no pins
//  Warning: Net 'rtlc4n321[12]' in module 'msrv_soc_plic_apb' has no pins
//  Warning: Net 'rtlc4n321[11]' in module 'msrv_soc_plic_apb' has no pins
//  Warning: Net 'rtlc4n321[10]' in module 'msrv_soc_plic_apb' has no pins
//  Warning: Net 'rtlc4n321[9]' in module 'msrv_soc_plic_apb' has no pins
//  Warning: Net 'rtlc4n321[8]' in module 'msrv_soc_plic_apb' has no pins
//  Warning: Net 'rtlc4n321[7]' in module 'msrv_soc_plic_apb' has no pins
//  Warning: Net 'rtlc4n321[6]' in module 'msrv_soc_plic_apb' has no pins
//  Warning: Net 'intPending[1]' in module 'msrv_soc_plic_apb' has no pins
//  Warning: Net 'rtlc4n49[0]' in module 'msrv_soc_plic_apb' has no pins
//  Warning: Net 'rtlc4n1[2]' in module 'msrv_soc_plic_apb' has no pins
//  Warning: Net 'rtlc4n1[1]' in module 'msrv_soc_plic_apb' has no pins
//  Warning: Net 'rtlc4n1[0]' in module 'msrv_soc_plic_apb' has no pins
//  Warning: Net 'rtlcClkX' in module 'msrv_soc_plic_apb' has no pins
//  Warning: Net 'rtlcXXX' in module 'msrv_soc_plic_apb' has no pins
//  Warning: Net 'rtlc1n1' in module 'msrv_soc_plic_apb' has no pins
//  Warning: Net 'rtlc1n2' in module 'msrv_soc_plic_apb' has no pins
//  Warning: Net 'rtlc1n4' in module 'msrv_soc_plic_apb' has no pins
//  Warning: Net 'rtlc1n5' in module 'msrv_soc_plic_apb' has no pins
//  Warning: Net 'rtlc1n6' in module 'msrv_soc_plic_apb' has no pins
//  Warning: Net 'rtlc1n7' in module 'msrv_soc_plic_apb' has no pins
//  Warning: Net 'rtlc1n8' in module 'msrv_soc_plic_apb' has no pins
//  Warning: Net 'rtlc3n1' in module 'msrv_soc_plic_apb' has no pins
//  Warning: Net 'rtlc3n2' in module 'msrv_soc_plic_apb' has no pins
//  Warning: Net 'rtlc3n4' in module 'msrv_soc_plic_apb' has no pins
//  Warning: Net 'rtlc3n5' in module 'msrv_soc_plic_apb' has no pins
//  Warning: Net 'rtlc3n6' in module 'msrv_soc_plic_apb' has no pins
//  Warning: Net 'rtlc3n7' in module 'msrv_soc_plic_apb' has no pins
//  Warning: Net 'rtlc3n8' in module 'msrv_soc_plic_apb' has no pins
//  Warning: Net 'rtlcClkX' in module 'msrv_soc_flopr_pv1' has no pins
//  Warning: Net 'rtlcXXX' in module 'msrv_soc_flopr_pv1' has no pins
//  Warning: Net 'gpio_dat_o[0]' in module 'msrv_soc_gpio_apb' has no pins
//  Warning: Net 'rtlcXXX' in module 'msrv_soc_gpio_apb' has no pins
//  Warning: Net 'rtlcClkX' in module 'msrv_soc_gpio_apb' has no pins
//  Warning: Net 'STATE[0]' in module 'msrv_soc_apb_slave_interface' has no pins
//  Warning: Net 'rtlcClkX' in module 'msrv_soc_apb_slave_interface' has no pins
//  Warning: Net 'rtlcXXX' in module 'msrv_soc_apb_slave_interface' has no pins
//  Warning: Net 'rtlcClkX' in module 'msrv_soc_aux_interface' has no pins
//  Warning: Net 'rtlcXXX' in module 'msrv_soc_aux_interface' has no pins
//  Warning: Net 'rgpio_ints[0]' in module 'msrv_soc_gpio_register' has no pins
//  Warning: Net 'rgpio_aux[0]' in module 'msrv_soc_gpio_register' has no pins
//  Warning: Net 'rtlcClkX' in module 'msrv_soc_gpio_register' has no pins
//  Warning: Net 'rtlcXXX' in module 'msrv_soc_gpio_register' has no pins
//  Warning: Net 'rtlcClkX' in module 'msrv_soc_uart_apb' has no pins
//  Warning: Net 'rtlcXXX' in module 'msrv_soc_uart_apb' has no pins
//  Warning: Net 'rtlc3n37[17]' in module 'msrv_soc_uartPC16550D' has no pins
//  Warning: Net 'rtlc3n40[17]' in module 'msrv_soc_uartPC16550D' has no pins
//  Warning: Net 'rtlc4n149[10]' in module 'msrv_soc_uartPC16550D' has no pins
//  Warning: Net 'rtlc7n5[10]' in module 'msrv_soc_uartPC16550D' has no pins
//  Warning: Net 'rtlc7n5[9]' in module 'msrv_soc_uartPC16550D' has no pins
//  Warning: Net 'rtlc7n5[8]' in module 'msrv_soc_uartPC16550D' has no pins
//  Warning: Net 'rtlc7n5[7]' in module 'msrv_soc_uartPC16550D' has no pins
//  Warning: Net 'rtlc7n5[6]' in module 'msrv_soc_uartPC16550D' has no pins
//  Warning: Net 'rtlc7n5[5]' in module 'msrv_soc_uartPC16550D' has no pins
//  Warning: Net 'rtlc7n5[4]' in module 'msrv_soc_uartPC16550D' has no pins
//  Warning: Net 'rtlc7n5[3]' in module 'msrv_soc_uartPC16550D' has no pins
//  Warning: Net 'rtlc7n5[2]' in module 'msrv_soc_uartPC16550D' has no pins
//  Warning: Net 'rtlc7n5[1]' in module 'msrv_soc_uartPC16550D' has no pins
//  Warning: Net 'rtlc7n5[0]' in module 'msrv_soc_uartPC16550D' has no pins
//  Warning: Net 'rtlc12n5[7]' in module 'msrv_soc_uartPC16550D' has no pins
//  Warning: Net 'rtlc12n5[6]' in module 'msrv_soc_uartPC16550D' has no pins
//  Warning: Net 'rtlc12n5[5]' in module 'msrv_soc_uartPC16550D' has no pins
//  Warning: Net 'rtlc12n5[4]' in module 'msrv_soc_uartPC16550D' has no pins
//  Warning: Net 'rtlc12n5[3]' in module 'msrv_soc_uartPC16550D' has no pins
//  Warning: Net 'rtlc12n5[2]' in module 'msrv_soc_uartPC16550D' has no pins
//  Warning: Net 'rtlc12n5[1]' in module 'msrv_soc_uartPC16550D' has no pins
//  Warning: Net 'rtlc12n5[0]' in module 'msrv_soc_uartPC16550D' has no pins
//  Warning: Net 'rtlc4n79[4]' in module 'msrv_soc_uartPC16550D' has no pins
//  Warning: Net 'rtlc7n636[4]' in module 'msrv_soc_uartPC16550D' has no pins
//  Warning: Net 'rtlc12n509[4]' in module 'msrv_soc_uartPC16550D' has no pins
//  Warning: Net 'rtlc0n607[3]' in module 'msrv_soc_uartPC16550D' has no pins
//  Warning: Net 'rtlc0n607[2]' in module 'msrv_soc_uartPC16550D' has no pins
//  Warning: Net 'rtlc0n687[1]' in module 'msrv_soc_uartPC16550D' has no pins
//  Warning: Net 'rtlc0n5' in module 'msrv_soc_uartPC16550D' has no pins
//  Warning: Net 'rtlc0n8' in module 'msrv_soc_uartPC16550D' has no pins
//  Warning: Net 'rtlc0n10' in module 'msrv_soc_uartPC16550D' has no pins
//  Warning: Net 'rtlc0n11' in module 'msrv_soc_uartPC16550D' has no pins
//  Warning: Net 'rtlc0n12' in module 'msrv_soc_uartPC16550D' has no pins
//  Warning: Net 'rtlc0n13' in module 'msrv_soc_uartPC16550D' has no pins
//  Warning: Net 'rtlc0n14' in module 'msrv_soc_uartPC16550D' has no pins
//  Warning: Net 'rtlc0n15' in module 'msrv_soc_uartPC16550D' has no pins
//  Warning: Net 'rtlc0n16' in module 'msrv_soc_uartPC16550D' has no pins
//  Warning: Net 'rtlc0n17' in module 'msrv_soc_uartPC16550D' has no pins
//  Warning: Net 'rtlc0n18' in module 'msrv_soc_uartPC16550D' has no pins
//  Warning: Net 'rtlc0n19' in module 'msrv_soc_uartPC16550D' has no pins
//  Warning: Net 'rtlc0n20' in module 'msrv_soc_uartPC16550D' has no pins
//  Warning: Net 'rtlc0n21' in module 'msrv_soc_uartPC16550D' has no pins
//  Warning: Net 'rtlc0n22' in module 'msrv_soc_uartPC16550D' has no pins
//  Warning: Net 'rtlc0n23' in module 'msrv_soc_uartPC16550D' has no pins
//  Warning: Net 'rtlc0n24' in module 'msrv_soc_uartPC16550D' has no pins
//  Warning: Net 'rtlc0n25' in module 'msrv_soc_uartPC16550D' has no pins
//  Warning: Net 'rtlc0n26' in module 'msrv_soc_uartPC16550D' has no pins
//  Warning: Net 'rtlc0n27' in module 'msrv_soc_uartPC16550D' has no pins
//  Warning: Net 'rtlc0n28' in module 'msrv_soc_uartPC16550D' has no pins
//  Warning: Net 'rtlc0n29' in module 'msrv_soc_uartPC16550D' has no pins
//  Warning: Net 'rtlc0n30' in module 'msrv_soc_uartPC16550D' has no pins
//  Warning: Net 'rtlc0n31' in module 'msrv_soc_uartPC16550D' has no pins
//  Warning: Net 'rtlc0n32' in module 'msrv_soc_uartPC16550D' has no pins
//  Warning: Net 'rtlc0n33' in module 'msrv_soc_uartPC16550D' has no pins
//  Warning: Net 'rtlc0n34' in module 'msrv_soc_uartPC16550D' has no pins
//  Warning: Net 'rtlc0n35' in module 'msrv_soc_uartPC16550D' has no pins
//  Warning: Net 'rtlc0n36' in module 'msrv_soc_uartPC16550D' has no pins
//  Warning: Net 'rtlc0n37' in module 'msrv_soc_uartPC16550D' has no pins
//  Warning: Net 'rtlc0n38' in module 'msrv_soc_uartPC16550D' has no pins
//  Warning: Net 'rtlc0n39' in module 'msrv_soc_uartPC16550D' has no pins
//  Warning: Net 'rtlcClkX' in module 'msrv_soc_uartPC16550D' has no pins
//  Warning: Net 'rtlcXXX' in module 'msrv_soc_uartPC16550D' has no pins
//  Warning: Net 'rtlcClkX' in module 'msrv_soc_flopr_2' has no pins
//  Warning: Net 'rtlcXXX' in module 'msrv_soc_flopr_2' has no pins
//  Warning: Net 'rtlcClkX' in module 'msrv_soc_flopr_3' has no pins
//  Warning: Net 'rtlcXXX' in module 'msrv_soc_flopr_3' has no pins
//  Warning: Net 'TransmitWriteWatermarkLevel[2]' in module 'msrv_soc_spi_apb' is not driven
//  Warning: Net 'TransmitWriteWatermarkLevel[1]' in module 'msrv_soc_spi_apb' is not driven
//  Warning: Net 'TransmitWriteWatermarkLevel[0]' in module 'msrv_soc_spi_apb' is not driven
//  Warning: Net 'ReceiveReadWatermarkLevel[2]' in module 'msrv_soc_spi_apb' is not driven
//  Warning: Net 'ReceiveReadWatermarkLevel[1]' in module 'msrv_soc_spi_apb' is not driven
//  Warning: Net 'ReceiveReadWatermarkLevel[0]' in module 'msrv_soc_spi_apb' is not driven
//  Warning: Net 'TrasmitFIFOEmpty' in module 'msrv_soc_spi_apb' is not driven
//  Warning: Net 'rtlcClkX' in module 'msrv_soc_spi_apb' has no pins
//  Warning: Net 'rtlcXXX' in module 'msrv_soc_spi_apb' has no pins
//  Warning: Net 'CurrState[0]' in module 'msrv_soc_spi_controller' has no pins
//  Warning: Net 'rtlcClkX' in module 'msrv_soc_spi_controller' has no pins
//  Warning: Net 'rtlcXXX' in module 'msrv_soc_spi_controller' has no pins
//  Warning: Net 'rtlcClkX' in module 'msrv_soc_flopr_4' has no pins
//  Warning: Net 'rtlcXXX' in module 'msrv_soc_flopr_4' has no pins
//  Warning: Net 'rtlcClkX' in module 'msrv_soc_flopenr_3' has no pins
//  Warning: Net 'rtlcXXX' in module 'msrv_soc_flopenr_3' has no pins
//  Warning: Net 'mem[0]' in module 'msrv_soc_spi_fifo_1' has no pins
//  Warning: Net 'rtlc0n3[7]' in module 'msrv_soc_spi_fifo_1' has no pins
//  Warning: Net 'rtlc0n3[6]' in module 'msrv_soc_spi_fifo_1' has no pins
//  Warning: Net 'rtlc0n3[5]' in module 'msrv_soc_spi_fifo_1' has no pins
//  Warning: Net 'rtlc0n3[4]' in module 'msrv_soc_spi_fifo_1' has no pins
//  Warning: Net 'rtlc0n3[3]' in module 'msrv_soc_spi_fifo_1' has no pins
//  Warning: Net 'rtlc0n3[2]' in module 'msrv_soc_spi_fifo_1' has no pins
//  Warning: Net 'rtlc0n3[1]' in module 'msrv_soc_spi_fifo_1' has no pins
//  Warning: Net 'rtlc0n3[0]' in module 'msrv_soc_spi_fifo_1' has no pins
//  Warning: Net 'rtlcClkX' in module 'msrv_soc_spi_fifo_1' has no pins
//  Warning: Net 'rtlcXXX' in module 'msrv_soc_spi_fifo_1' has no pins
//  Warning: Net 'rtlcClkX' in module 'msrv_soc_flopr' has no pins
//  Warning: Net 'rtlcXXX' in module 'msrv_soc_flopr' has no pins
//  Warning: Net 'rtlcClkX' in module 'msrv_soc_flopenr' has no pins
//  Warning: Net 'rtlcXXX' in module 'msrv_soc_flopenr' has no pins
//  Warning: Net 'mem[0]' in module 'msrv_soc_spi_fifo' has no pins
//  Warning: Net 'rtlc0n3[7]' in module 'msrv_soc_spi_fifo' has no pins
//  Warning: Net 'rtlc0n3[6]' in module 'msrv_soc_spi_fifo' has no pins
//  Warning: Net 'rtlc0n3[5]' in module 'msrv_soc_spi_fifo' has no pins
//  Warning: Net 'rtlc0n3[4]' in module 'msrv_soc_spi_fifo' has no pins
//  Warning: Net 'rtlc0n3[3]' in module 'msrv_soc_spi_fifo' has no pins
//  Warning: Net 'rtlc0n3[2]' in module 'msrv_soc_spi_fifo' has no pins
//  Warning: Net 'rtlc0n3[1]' in module 'msrv_soc_spi_fifo' has no pins
//  Warning: Net 'rtlc0n3[0]' in module 'msrv_soc_spi_fifo' has no pins
//  Warning: Net 'rtlcClkX' in module 'msrv_soc_spi_fifo' has no pins
//  Warning: Net 'rtlcXXX' in module 'msrv_soc_spi_fifo' has no pins
//  Warning: Net 'rtlcClkX' in module 'msrv_soc_uncorewrapper_pass2_rtl_tessent_sib_1' has no pins
//  Warning: Net 'rtlcXXX' in module 'msrv_soc_uncorewrapper_pass2_rtl_tessent_sib_1' has no pins
//  Warning: Net 'rtlcClkX' in module 'msrv_soc_uncorewrapper_pass2_rtl_tessent_sib_2' has no pins
//  Warning: Net 'rtlcXXX' in module 'msrv_soc_uncorewrapper_pass2_rtl_tessent_sib_2' has no pins
//  Warning: Net 'async_set_reset_static_disable_to_buf' in module 'msrv_soc_uncorewrapper_pass2_rtl_tessent_tdr_sri_ctrl' has no pins
//  Warning: Net 'mcp_bounding_en_to_buf' in module 'msrv_soc_uncorewrapper_pass2_rtl_tessent_tdr_sri_ctrl' has no pins
//  Warning: Net 'control_test_point_en_to_buf' in module 'msrv_soc_uncorewrapper_pass2_rtl_tessent_tdr_sri_ctrl' has no pins
//  Warning: Net 'observe_test_point_en_to_buf' in module 'msrv_soc_uncorewrapper_pass2_rtl_tessent_tdr_sri_ctrl' has no pins
//  Warning: Net 'x_bounding_en_to_buf' in module 'msrv_soc_uncorewrapper_pass2_rtl_tessent_tdr_sri_ctrl' has no pins
//  Warning: Net 'ext_mode_to_buf' in module 'msrv_soc_uncorewrapper_pass2_rtl_tessent_tdr_sri_ctrl' has no pins
//  Warning: Net 'int_mode_to_buf' in module 'msrv_soc_uncorewrapper_pass2_rtl_tessent_tdr_sri_ctrl' has no pins
//  Warning: Net 'ext_ltest_en_to_buf' in module 'msrv_soc_uncorewrapper_pass2_rtl_tessent_tdr_sri_ctrl' has no pins
//  Warning: Net 'int_ltest_en_to_buf' in module 'msrv_soc_uncorewrapper_pass2_rtl_tessent_tdr_sri_ctrl' has no pins
//  Warning: Net 'controller_chain_mode_to_buf' in module 'msrv_soc_uncorewrapper_pass2_rtl_tessent_tdr_sri_ctrl' has no pins
//  Warning: Net 'ltest_en_to_buf' in module 'msrv_soc_uncorewrapper_pass2_rtl_tessent_tdr_sri_ctrl' has no pins
//  Warning: Net 'rtlcClkX' in module 'msrv_soc_uncorewrapper_pass2_rtl_tessent_tdr_sri_ctrl' has no pins
//  Warning: Net 'rtlcXXX' in module 'msrv_soc_uncorewrapper_pass2_rtl_tessent_tdr_sri_ctrl' has no pins
//  Warning: Net 'rtlcClkX' in module 'msrv_soc_uncorewrapper_pass2_rtl_tessent_occ' has no pins
//  Warning: Net 'rtlcXXX' in module 'msrv_soc_uncorewrapper_pass2_rtl_tessent_occ' has no pins
//  Warning: Net 'rtlcClkX' in module 'msrv_soc_uncorewrapper_pass2_rtl_tessent_occ_control' has no pins
//  Warning: Net 'rtlcXXX' in module 'msrv_soc_uncorewrapper_pass2_rtl_tessent_occ_control' has no pins
//  Warning: Net 'rtlcClkX' in module 'msrv_soc_uncorewrapper_pass2_rtl_tessent_posedge_synchronizer_reset' has no pins
//  Warning: Net 'rtlcXXX' in module 'msrv_soc_uncorewrapper_pass2_rtl_tessent_posedge_synchronizer_reset' has no pins
//  Warning: Net 'rtlcClkX' in module 'msrv_soc_uncorewrapper_pass2_rtl_tessent_occ_shift_reg' has no pins
//  Warning: Net 'rtlcXXX' in module 'msrv_soc_uncorewrapper_pass2_rtl_tessent_occ_shift_reg' has no pins
//  Warning: Net 'rtlcClkX' in module 'msrv_soc_uncorewrapper_pass2_rtl_tessent_occ_ijtag_control' has no pins
//  Warning: Net 'rtlcXXX' in module 'msrv_soc_uncorewrapper_pass2_rtl_tessent_occ_ijtag_control' has no pins
//  Warning: Net 'rtlcClkX' in module 'msrv_soc_uncorewrapper_pass2_rtl_tessent_occ_sib' has no pins
//  Warning: Net 'rtlcXXX' in module 'msrv_soc_uncorewrapper_pass2_rtl_tessent_occ_sib' has no pins
//  Warning: Net 'rtlcClkX' in module 'msrv_soc_uncorewrapper_pass2_rtl_tessent_edt_lbist_c1' has no pins
//  Warning: Net 'rtlcXXX' in module 'msrv_soc_uncorewrapper_pass2_rtl_tessent_edt_lbist_c1' has no pins
//  Warning: Net 'rtlcClkX' in module 'msrv_soc_uncorewrapper_pass2_rtl_tessent_edt_c1_decompressor' has no pins
//  Warning: Net 'rtlcXXX' in module 'msrv_soc_uncorewrapper_pass2_rtl_tessent_edt_c1_decompressor' has no pins
//  Warning: Net 'rtlcClkX' in module 'msrv_soc_uncorewrapper_pass2_rtl_tessent_edt_c1_sib' has no pins
//  Warning: Net 'rtlcXXX' in module 'msrv_soc_uncorewrapper_pass2_rtl_tessent_edt_c1_sib' has no pins
//  Warning: Net 'rtlcClkX' in module 'msrv_soc_uncorewrapper_pass2_rtl_tessent_edt_c1_compactor' has no pins
//  Warning: Net 'rtlcXXX' in module 'msrv_soc_uncorewrapper_pass2_rtl_tessent_edt_c1_compactor' has no pins
//  Warning: Net 'rtlcClkX' in module 'msrv_soc_uncorewrapper_pass2_rtl_tessent_edt_c1_spatial_compactor_30_w_output_lockup' has no pins
//  Warning: Net 'rtlcXXX' in module 'msrv_soc_uncorewrapper_pass2_rtl_tessent_edt_c1_spatial_compactor_30_w_output_lockup' has no pins
//  Warning: Net 'rtlcClkX' in module 'msrv_soc_uncorewrapper_pass2_rtl_tessent_edt_c1_controller' has no pins
//  Warning: Net 'rtlcXXX' in module 'msrv_soc_uncorewrapper_pass2_rtl_tessent_edt_c1_controller' has no pins
//  Warning: Net 'rtlcClkX' in module 'msrv_soc_uncorewrapper_pass2_rtl_tessent_edt_c1_xor_decoder' has no pins
//  Warning: Net 'rtlcXXX' in module 'msrv_soc_uncorewrapper_pass2_rtl_tessent_edt_c1_xor_decoder' has no pins
//  Warning: Net 'rtlcClkX' in module 'msrv_soc_uncorewrapper_pass2_rtl_tessent_edt_c1_onehot_decoder_5_to_30' has no pins
//  Warning: Net 'rtlcXXX' in module 'msrv_soc_uncorewrapper_pass2_rtl_tessent_edt_c1_onehot_decoder_5_to_30' has no pins
//  Warning: Net 'rtlcClkX' in module 'msrv_soc_uncorewrapper_pass2_rtl_tessent_edt_c1_bypass_logic' has no pins
//  Warning: Net 'rtlcXXX' in module 'msrv_soc_uncorewrapper_pass2_rtl_tessent_edt_c1_bypass_logic' has no pins
//  Warning: Net 'rtlcClkX' in module 'msrv_soc_uncorewrapper_pass2_rtl_tessent_edt_c1_misr' has no pins
//  Warning: Net 'rtlcXXX' in module 'msrv_soc_uncorewrapper_pass2_rtl_tessent_edt_c1_misr' has no pins
//  Warning: Net 'rtlcClkX' in module 'msrv_soc_uncorewrapper_pass2_rtl_tessent_edt_c1_misr_reg' has no pins
//  Warning: Net 'rtlcXXX' in module 'msrv_soc_uncorewrapper_pass2_rtl_tessent_edt_c1_misr_reg' has no pins
//  Warning: Net 'edt_bypass_to_buf' in module 'msrv_soc_uncorewrapper_pass2_rtl_tessent_edt_lbist_c1_tdr' has no pins
//  Warning: Net 'rtlcClkX' in module 'msrv_soc_uncorewrapper_pass2_rtl_tessent_edt_lbist_c1_tdr' has no pins
//  Warning: Net 'rtlcXXX' in module 'msrv_soc_uncorewrapper_pass2_rtl_tessent_edt_lbist_c1_tdr' has no pins
//  Warning: Net 'rtlcClkX' in module 'msrv_soc_uncorewrapper_pass2_rtl_tessent_lbist' has no pins
//  Warning: Net 'rtlcXXX' in module 'msrv_soc_uncorewrapper_pass2_rtl_tessent_lbist' has no pins
//  Warning: Net 'rtlcClkX' in module 'msrv_soc_uncorewrapper_pass2_rtl_tessent_lbist_ctrl' has no pins
//  Warning: Net 'rtlcXXX' in module 'msrv_soc_uncorewrapper_pass2_rtl_tessent_lbist_ctrl' has no pins
//  Warning: Net 'rtlcClkX' in module 'msrv_soc_uncorewrapper_pass2_rtl_tessent_lbist_capture_phase_reg' has no pins
//  Warning: Net 'rtlcXXX' in module 'msrv_soc_uncorewrapper_pass2_rtl_tessent_lbist_capture_phase_reg' has no pins
//  Warning: Net 'rtlcClkX' in module 'msrv_soc_uncorewrapper_pass2_rtl_tessent_lbist_warmup_pattern_cnt_reg' has no pins
//  Warning: Net 'rtlcXXX' in module 'msrv_soc_uncorewrapper_pass2_rtl_tessent_lbist_warmup_pattern_cnt_reg' has no pins
//  Warning: Net 'rtlcClkX' in module 'msrv_soc_uncorewrapper_pass2_rtl_tessent_lbist_counter' has no pins
//  Warning: Net 'rtlcXXX' in module 'msrv_soc_uncorewrapper_pass2_rtl_tessent_lbist_counter' has no pins
//  Warning: Net 'rtlcClkX' in module 'msrv_soc_uncorewrapper_pass2_rtl_tessent_lbist_bit_cnt_reg' has no pins
//  Warning: Net 'rtlcXXX' in module 'msrv_soc_uncorewrapper_pass2_rtl_tessent_lbist_bit_cnt_reg' has no pins
//  Warning: Net 'rtlcClkX' in module 'msrv_soc_uncorewrapper_pass2_rtl_tessent_lbist_vector_cnt_reg' has no pins
//  Warning: Net 'rtlcXXX' in module 'msrv_soc_uncorewrapper_pass2_rtl_tessent_lbist_vector_cnt_reg' has no pins
//  Warning: Net 'rtlcClkX' in module 'msrv_soc_uncorewrapper_pass2_rtl_tessent_lbist_sib' has no pins
//  Warning: Net 'rtlcXXX' in module 'msrv_soc_uncorewrapper_pass2_rtl_tessent_lbist_sib' has no pins
//  Warning: Net 'rtlcClkX' in module 'msrv_soc_uncorewrapper_pass2_rtl_tessent_lbist_ctrl_signals' has no pins
//  Warning: Net 'rtlcXXX' in module 'msrv_soc_uncorewrapper_pass2_rtl_tessent_lbist_ctrl_signals' has no pins
//  Warning: Net 'rtlc0n17' in module 'msrv_soc_uncorewrapper_pass2_rtl_tessent_lbist_fsm' has no pins
//  Warning: Net 'rtlcClkX' in module 'msrv_soc_uncorewrapper_pass2_rtl_tessent_lbist_fsm' has no pins
//  Warning: Net 'rtlcXXX' in module 'msrv_soc_uncorewrapper_pass2_rtl_tessent_lbist_fsm' has no pins
//  Warning: Net 'rtlc8n4' in module 'msrv_soc_uncorewrapper_pass2_rtl_tessent_lbist_fsm' has no pins
//  Warning: Net 'rtlc11n4' in module 'msrv_soc_uncorewrapper_pass2_rtl_tessent_lbist_fsm' has no pins
//  Warning: Net 'rtlc14n3' in module 'msrv_soc_uncorewrapper_pass2_rtl_tessent_lbist_fsm' has no pins
//  Warning: Net 'rtlc14n4' in module 'msrv_soc_uncorewrapper_pass2_rtl_tessent_lbist_fsm' has no pins
//  Warning: Net 'rtlcClkX' in module 'msrv_soc_uncorewrapper_pass2_rtl_tessent_single_chain_mode_logic' has no pins
//  Warning: Net 'rtlcXXX' in module 'msrv_soc_uncorewrapper_pass2_rtl_tessent_single_chain_mode_logic' has no pins
//  Warning: Net 'rtlcClkX' in module 'msrv_soc_uncorewrapper_pass2_rtl_tessent_single_chain_mode_logic_sib' has no pins
//  Warning: Net 'rtlcXXX' in module 'msrv_soc_uncorewrapper_pass2_rtl_tessent_single_chain_mode_logic_sib' has no pins
//  ---------------------------------------------------------------------------
//  Begin ICL elaboration and checking.
//  -----------------------------------
//  ICL elaboration completed, CPU time=0.04 sec.
//  ---------------------------------------------------------------------------
//  command: set_current_mode edt_int_stuck -type internal
//  command: report_dft_signals 

// Existing and to be created DFT signals
// ======================================
// -------------------------------  --------  ------------------------  --------------  -----------------------------------------------------------------------------------------
// Name                             Status    Origin                    Type            Location
// -------------------------------  --------  ------------------------  --------------  -----------------------------------------------------------------------------------------
// async_set_reset_dynamic_disable  Existing  Imported from DesignInfo  Pin             tessent_persistent_cell_async_set_reset_dynamic_disable/ZN
// async_set_reset_static_disable   Existing  ICL attributes            IJTAG register  msrv_soc_uncorewrapper_pass2_rtl_tessent_tdr_sri_ctrl_inst/async_set_reset_static_disable
// control_test_point_en            Existing  ICL attributes            IJTAG register  msrv_soc_uncorewrapper_pass2_rtl_tessent_tdr_sri_ctrl_inst/control_test_point_en
// controller_chain_mode            Existing  ICL attributes            IJTAG register  msrv_soc_uncorewrapper_pass2_rtl_tessent_tdr_sri_ctrl_inst/controller_chain_mode
// edt_clock                        Existing  Imported from DesignInfo  Pin             msrv_soc_uncorewrapper_pass2_rtl_tessent_lbist_inst/edt_lbist_clock
// edt_update                       Existing  Imported from DesignInfo  Port            edt_update
// ext_ltest_en                     Existing  ICL attributes            IJTAG register  msrv_soc_uncorewrapper_pass2_rtl_tessent_tdr_sri_ctrl_inst/ext_ltest_en
// ext_mode                         Existing  ICL attributes            IJTAG register  msrv_soc_uncorewrapper_pass2_rtl_tessent_tdr_sri_ctrl_inst/ext_mode
// int_ltest_en                     Existing  ICL attributes            IJTAG register  msrv_soc_uncorewrapper_pass2_rtl_tessent_tdr_sri_ctrl_inst/int_ltest_en
// int_mode                         Existing  ICL attributes            IJTAG register  msrv_soc_uncorewrapper_pass2_rtl_tessent_tdr_sri_ctrl_inst/int_mode
// ltest_en                         Existing  ICL attributes            IJTAG register  msrv_soc_uncorewrapper_pass2_rtl_tessent_tdr_sri_ctrl_inst/ltest_en
// mcp_bounding_en                  Existing  ICL attributes            IJTAG register  msrv_soc_uncorewrapper_pass2_rtl_tessent_tdr_sri_ctrl_inst/mcp_bounding_en
// observe_test_point_en            Existing  ICL attributes            IJTAG register  msrv_soc_uncorewrapper_pass2_rtl_tessent_tdr_sri_ctrl_inst/observe_test_point_en
// scan_en                          Existing  Imported from DesignInfo  Port            scan_en_w -> msrv_soc_uncorewrapper_pass2_rtl_tessent_lbist_inst/scan_en_out
// shift_capture_clock              Existing  Imported from DesignInfo  Pin             msrv_soc_uncorewrapper_pass2_rtl_tessent_lbist_inst/shift_capture_clock_out
// test_clock                       Existing  Imported from DesignInfo  Port            test_clock_w
// x_bounding_en                    Existing  ICL attributes            IJTAG register  msrv_soc_uncorewrapper_pass2_rtl_tessent_tdr_sri_ctrl_inst/x_bounding_en
//
//  command: import_scan_mode int_mode
//  Resetting design.
//  Reading core description file ./TSDB/instruments/msrv_soc_uncorewrapper_pass2_rtl_edt_lbist.instrument/msrv_soc_uncorewrapper_pass2_rtl_tessent_edt_lbist_c1.tcd
//  Reading core description file ./TSDB/instruments/msrv_soc_uncorewrapper_pass2_rtl_occ.instrument/msrv_soc_uncorewrapper_pass2_rtl_tessent_occ.tcd
//  command: add_black_boxes -auto
//  command: #analyze_control_signals 
//  command: #dofile ./scan_inserted_netlist/atpg_setup.dofile 
//  command: #tessent_scan_setup
//  command: check_design_rules 
//  Warning: Rule FN1 violation occurs 488 times
//  Warning: Rule FN4 violation occurs 170 times
//  Flattening process completed, cell instances=17768, gates=36345, PIs=268+2(pseudo ports), POs=213, CPU time=0.23 sec.
//  ---------------------------------------------------------------------------
//  Begin circuit learning analyses.
//  --------------------------------
//  Learning completed, CPU time=0.13 sec.
//  ---------------------------------------------------------------------------
//  Begin scan chain identification process, memory elements = 2479.
//  ---------------------------------------------------------------------------
//  Begin simulation of test_setup procedure with 232 cycles.
//  Simulation of test_setup procedure completed, CPU time=0.0 sec.
//  Begin simulation of load_unload procedure.
//  Simulation of load_unload procedure completed, CPU time=0.2 sec.
//  ---------------------------------------------------------------------------
//  Begin EDT Finder analyses.
//  ---------------------------------------------------------------------------
//  Finding EDT logic.
//  Finding internal scan chains.
//  EDT Finder completed, EDT blocks=1, scan chains=60, CPU time=0.04 sec.
//  ---------------------------------------------------------------------------
//  Chain = msrv_soc_uncorewrapper_pass2_rtl_tessent_edt_lbist_c1_inst__chain_1 successfully traced with scan_cells = 29.
//  Chain = msrv_soc_uncorewrapper_pass2_rtl_tessent_edt_lbist_c1_inst__chain_2 successfully traced with scan_cells = 29.
//  Chain = msrv_soc_uncorewrapper_pass2_rtl_tessent_edt_lbist_c1_inst__chain_3 successfully traced with scan_cells = 29.
//  Chain = msrv_soc_uncorewrapper_pass2_rtl_tessent_edt_lbist_c1_inst__chain_4 successfully traced with scan_cells = 29.
//  Chain = msrv_soc_uncorewrapper_pass2_rtl_tessent_edt_lbist_c1_inst__chain_5 successfully traced with scan_cells = 29.
//  Chain = msrv_soc_uncorewrapper_pass2_rtl_tessent_edt_lbist_c1_inst__chain_6 successfully traced with scan_cells = 29.
//  Chain = msrv_soc_uncorewrapper_pass2_rtl_tessent_edt_lbist_c1_inst__chain_7 successfully traced with scan_cells = 29.
//  Chain = msrv_soc_uncorewrapper_pass2_rtl_tessent_edt_lbist_c1_inst__chain_8 successfully traced with scan_cells = 29.
//  Chain = msrv_soc_uncorewrapper_pass2_rtl_tessent_edt_lbist_c1_inst__chain_9 successfully traced with scan_cells = 29.
//  Chain = msrv_soc_uncorewrapper_pass2_rtl_tessent_edt_lbist_c1_inst__chain_10 successfully traced with scan_cells = 29.
//  Chain = msrv_soc_uncorewrapper_pass2_rtl_tessent_edt_lbist_c1_inst__chain_11 successfully traced with scan_cells = 29.
//  Chain = msrv_soc_uncorewrapper_pass2_rtl_tessent_edt_lbist_c1_inst__chain_12 successfully traced with scan_cells = 29.
//  Chain = msrv_soc_uncorewrapper_pass2_rtl_tessent_edt_lbist_c1_inst__chain_13 successfully traced with scan_cells = 29.
//  Chain = msrv_soc_uncorewrapper_pass2_rtl_tessent_edt_lbist_c1_inst__chain_14 successfully traced with scan_cells = 29.
//  Chain = msrv_soc_uncorewrapper_pass2_rtl_tessent_edt_lbist_c1_inst__chain_15 successfully traced with scan_cells = 29.
//  Chain = msrv_soc_uncorewrapper_pass2_rtl_tessent_edt_lbist_c1_inst__chain_16 successfully traced with scan_cells = 29.
//  Chain = msrv_soc_uncorewrapper_pass2_rtl_tessent_edt_lbist_c1_inst__chain_17 successfully traced with scan_cells = 29.
//  Chain = msrv_soc_uncorewrapper_pass2_rtl_tessent_edt_lbist_c1_inst__chain_18 successfully traced with scan_cells = 29.
//  Chain = msrv_soc_uncorewrapper_pass2_rtl_tessent_edt_lbist_c1_inst__chain_19 successfully traced with scan_cells = 29.
//  Chain = msrv_soc_uncorewrapper_pass2_rtl_tessent_edt_lbist_c1_inst__chain_20 successfully traced with scan_cells = 29.
//  Chain = msrv_soc_uncorewrapper_pass2_rtl_tessent_edt_lbist_c1_inst__chain_21 successfully traced with scan_cells = 29.
//  Chain = msrv_soc_uncorewrapper_pass2_rtl_tessent_edt_lbist_c1_inst__chain_22 successfully traced with scan_cells = 29.
//  Chain = msrv_soc_uncorewrapper_pass2_rtl_tessent_edt_lbist_c1_inst__chain_23 successfully traced with scan_cells = 29.
//  Chain = msrv_soc_uncorewrapper_pass2_rtl_tessent_edt_lbist_c1_inst__chain_24 successfully traced with scan_cells = 29.
//  Chain = msrv_soc_uncorewrapper_pass2_rtl_tessent_edt_lbist_c1_inst__chain_25 successfully traced with scan_cells = 29.
//  Chain = msrv_soc_uncorewrapper_pass2_rtl_tessent_edt_lbist_c1_inst__chain_26 successfully traced with scan_cells = 29.
//  Chain = msrv_soc_uncorewrapper_pass2_rtl_tessent_edt_lbist_c1_inst__chain_27 successfully traced with scan_cells = 29.
//  Chain = msrv_soc_uncorewrapper_pass2_rtl_tessent_edt_lbist_c1_inst__chain_28 successfully traced with scan_cells = 29.
//  Chain = msrv_soc_uncorewrapper_pass2_rtl_tessent_edt_lbist_c1_inst__chain_29 successfully traced with scan_cells = 29.
//  Chain = msrv_soc_uncorewrapper_pass2_rtl_tessent_edt_lbist_c1_inst__chain_30 successfully traced with scan_cells = 29.
//  Chain = msrv_soc_uncorewrapper_pass2_rtl_tessent_edt_lbist_c1_inst__chain_31 successfully traced with scan_cells = 29.
//  Chain = msrv_soc_uncorewrapper_pass2_rtl_tessent_edt_lbist_c1_inst__chain_32 successfully traced with scan_cells = 29.
//  Chain = msrv_soc_uncorewrapper_pass2_rtl_tessent_edt_lbist_c1_inst__chain_33 successfully traced with scan_cells = 29.
//  Chain = msrv_soc_uncorewrapper_pass2_rtl_tessent_edt_lbist_c1_inst__chain_34 successfully traced with scan_cells = 29.
//  Chain = msrv_soc_uncorewrapper_pass2_rtl_tessent_edt_lbist_c1_inst__chain_35 successfully traced with scan_cells = 29.
//  Chain = msrv_soc_uncorewrapper_pass2_rtl_tessent_edt_lbist_c1_inst__chain_36 successfully traced with scan_cells = 29.
//  Chain = msrv_soc_uncorewrapper_pass2_rtl_tessent_edt_lbist_c1_inst__chain_37 successfully traced with scan_cells = 29.
//  Chain = msrv_soc_uncorewrapper_pass2_rtl_tessent_edt_lbist_c1_inst__chain_38 successfully traced with scan_cells = 29.
//  Chain = msrv_soc_uncorewrapper_pass2_rtl_tessent_edt_lbist_c1_inst__chain_39 successfully traced with scan_cells = 29.
//  Chain = msrv_soc_uncorewrapper_pass2_rtl_tessent_edt_lbist_c1_inst__chain_40 successfully traced with scan_cells = 29.
//  Chain = msrv_soc_uncorewrapper_pass2_rtl_tessent_edt_lbist_c1_inst__chain_41 successfully traced with scan_cells = 29.
//  Chain = msrv_soc_uncorewrapper_pass2_rtl_tessent_edt_lbist_c1_inst__chain_42 successfully traced with scan_cells = 29.
//  Chain = msrv_soc_uncorewrapper_pass2_rtl_tessent_edt_lbist_c1_inst__chain_43 successfully traced with scan_cells = 29.
//  Chain = msrv_soc_uncorewrapper_pass2_rtl_tessent_edt_lbist_c1_inst__chain_44 successfully traced with scan_cells = 30.
//  Chain = msrv_soc_uncorewrapper_pass2_rtl_tessent_edt_lbist_c1_inst__chain_45 successfully traced with scan_cells = 30.
//  Chain = msrv_soc_uncorewrapper_pass2_rtl_tessent_edt_lbist_c1_inst__chain_46 successfully traced with scan_cells = 30.
//  Chain = msrv_soc_uncorewrapper_pass2_rtl_tessent_edt_lbist_c1_inst__chain_47 successfully traced with scan_cells = 30.
//  Chain = msrv_soc_uncorewrapper_pass2_rtl_tessent_edt_lbist_c1_inst__chain_48 successfully traced with scan_cells = 30.
//  Chain = msrv_soc_uncorewrapper_pass2_rtl_tessent_edt_lbist_c1_inst__chain_49 successfully traced with scan_cells = 30.
//  Chain = msrv_soc_uncorewrapper_pass2_rtl_tessent_edt_lbist_c1_inst__chain_50 successfully traced with scan_cells = 30.
//  Chain = msrv_soc_uncorewrapper_pass2_rtl_tessent_edt_lbist_c1_inst__chain_51 successfully traced with scan_cells = 30.
//  Chain = msrv_soc_uncorewrapper_pass2_rtl_tessent_edt_lbist_c1_inst__chain_52 successfully traced with scan_cells = 30.
//  Chain = msrv_soc_uncorewrapper_pass2_rtl_tessent_edt_lbist_c1_inst__chain_53 successfully traced with scan_cells = 30.
//  Chain = msrv_soc_uncorewrapper_pass2_rtl_tessent_edt_lbist_c1_inst__chain_54 successfully traced with scan_cells = 29.
//  Chain = msrv_soc_uncorewrapper_pass2_rtl_tessent_edt_lbist_c1_inst__chain_55 successfully traced with scan_cells = 29.
//  Chain = msrv_soc_uncorewrapper_pass2_rtl_tessent_edt_lbist_c1_inst__chain_56 successfully traced with scan_cells = 29.
//  Chain = msrv_soc_uncorewrapper_pass2_rtl_tessent_edt_lbist_c1_inst__chain_57 successfully traced with scan_cells = 29.
//  Chain = msrv_soc_uncorewrapper_pass2_rtl_tessent_edt_lbist_c1_inst__chain_58 successfully traced with scan_cells = 30.
//  Chain = msrv_soc_uncorewrapper_pass2_rtl_tessent_edt_lbist_c1_inst__chain_59 successfully traced with scan_cells = 30.
//  Chain = msrv_soc_uncorewrapper_pass2_rtl_tessent_edt_lbist_c1_inst__chain_60 successfully traced with scan_cells = 30.
//  1 external shadows that use shift clocking have been identified.
//  1753 scan cells have been identified in 60 scan chains.
//  Longest scan chain has 30 scan cells.
//  5 edge-triggered clock ports set to stable high. (D7)
//  ---------------------------------------------------------------------------
//  Begin EDT setup and rules checking.
//  ---------------------------------------------------------------------------
//  Running EDT Pattern Generation Phase.
//  EDT setup and rules checking completed, CPU time=0.09 sec.
//  Warning: EDT initialization cycles increase each pattern size by 87%.
//  ---------------------------------------------------------------------------
//  Begin transparent latch checking for 143 latches.
//  ---------------------------------------------------------------------------
//  4 latches not transparent due to uncontrollable. (D6)
//  Number transparent latches = 139.
//  ---------------------------------------------------------------------------
//  Begin scan clock rules checking.
//  ---------------------------------------------------------------------------
//  4 scan clock/set/reset lines have been identified.
//  Note: 276 scan cells whose clock ports are not off when all clocks are off will be handled through additional ATPG effort.
//        These scan cells have been excluded from default C1 violation list. Use "report_drc_rules C1 -excluded" to report such C1 violations.
//  259 sequential cells passed clock stability checking.
//  There were 3 clock rule C3 fails (clock may capture data affected by its captured data).
//  Note: Trailing edge triggered device can capture data affected by leading edge.
//  ---------------------------------------------------------------------------
//  723 non-scan memory elements are identified.
//  ---------------------------------------------------------------------------
//  216 non-scan memory elements are identified as TIE-0.  (D5)
//  101 non-scan memory elements are identified as TIE-1.  (D5)
//    8 non-scan memory elements are identified as TIE-X.  (D5)
//    2 non-scan memory elements are identified as INIT-0. (D5)
//  257 non-scan memory elements are identified as INIT-X. (D5)
//  139 non-scan memory elements are identified as TLA.    (D5)
//  ---------------------------------------------------------------------------
//  69 gates may have an observable X-state. (E5)
//  Warning: There were 65 C26 violations (sequential element with race on data and clock ports).
//  command: report_clocks 
User-defined Clocks (4):
=========================

  Sync and Async Source Clocks
  ============================
   ------------------------------------------------------------------------------------------------  ---------  ----------------  --------  ----------------  ------------------------------------------------------------------------------------------------
   Name                                                                                              Off State     Constraints    Internal  Other Properties  Pin(s)                                                                                          
   ------------------------------------------------------------------------------------------------  ---------  ----------------  --------  ----------------  ------------------------------------------------------------------------------------------------
   'test_clock_w'                                                                                        0      Pulse in capture     No                                                                                                                       
   'ijtag_tck'                                                                                           0                           No                                                                                                                       
   'msrv_soc_uncorewrapper_pass2_rtl_tessent_occ_PCLK_inst_tessent_persistent_cell_clock_out_mux_Z'      0                           Yes      Capture only    'msrv_soc_uncorewrapper_pass2_rtl_tessent_occ_PCLK_inst/tessent_persistent_cell_clock_out_mux/Z'
   'msrv_soc_uncorewrapper_pass2_rtl_tessent_occ_HCLK_inst_tessent_persistent_cell_clock_out_mux_Z'      0                           Yes      Capture only    'msrv_soc_uncorewrapper_pass2_rtl_tessent_occ_HCLK_inst/tessent_persistent_cell_clock_out_mux/Z'

//  command: add_faults -all
//  command: report_statistics -detail
                                                             Statistics Report                                                             
                                                              Stuck-at Faults                                                              
-------------------------------------------------------------------------------------------------------------------------------------------
Fault Classes                                                                                                 #faults          #faults     
                                                                                                              (total)      (total relevant)
--------------------------------------------------------------------------------------------------------  --------------  ------------------
  FU (full)                                                                                                   118688            96220      
  ------------------------------------------------------------------------------------------------------  --------------  ------------------
  UC (uncontrolled)                                                                                       61790 (52.06%)      same (64.22%)
  DI (det_implication)                                                                                    16965 (14.29%)      same (17.63%)
  UU (unused)                                                                                              1566 ( 1.32%)      same ( 1.63%)
  TI (tied)                                                                                                4117 ( 3.47%)      same ( 4.28%)
  BL (blocked)                                                                                             2825 ( 2.38%)      same ( 2.94%)
  AU (atpg_untestable)                                                                                    31425 (26.48%)      8957 ( 9.31%)
-------------------------------------------------------------------------------------------------------------------------------------------
Fault Sub-classes                                                                                                                          
  ------------------------------------------------------------------------------------------------------                                   
  DI (det_implication)                                                                                                                     
    SCAN  (scan_path)                                                                                     10850 ( 9.14%)      same (11.28%)
    SEN   (scan_enable)                                                                                    2321 ( 1.96%)      same ( 2.41%)
    CLK   (clock)                                                                                          3794 ( 3.20%)      same ( 3.94%)
  AU (atpg_untestable)                                                                                                                     
    UDN   (undriven)                                                                                        398 ( 0.34%)      same ( 0.41%)
    BB    (black_boxes)                                                                                    1226 ( 1.03%)      same ( 1.27%)
    EDT   (edt_blocks)                                                                                    14582 (12.29%)        deleted     
    PC    (pin_constraints)                                                                                1354 ( 1.14%)      same ( 1.41%)
      (Individual pin constraints below threshold)                                                         1330 ( 1.12%)                   
      (Combined pin constraints)                                                                             24 ( 0.02%)                   
    TC    (tied_cells)                                                                                     3548 ( 2.99%)      same ( 3.69%)
      /msrv_soc_uncorewrapper_pass2_rtl_tessent_tdr_sri_ctrl_inst/rtlcreg_ext_ltest_en_latch (35517) T0    1844 ( 1.55%)                   
      /msrv_soc_uncorewrapper_pass2_rtl_tessent_tdr_sri_ctrl_inst/rtlcreg_int_ltest_en_latch (35518) T1    1387 ( 1.17%)                   
      /msrv_soc_uncorewrapper_pass2_rtl_tessent_tdr_sri_ctrl_inst/rtlcreg_x_bounding_en_latch (35514) T0    207 ( 0.17%)                   
      (Individual tied cells below threshold)                                                               110 ( 0.09%)                   
    MPO   (mask_po)                                                                                        2431 ( 2.05%)      same ( 2.53%)
    OCC   (on_chip_clock_control)                                                                          1255 ( 1.06%)        deleted     
    IJTAG (ijtag)                                                                                          6631 ( 5.59%)        deleted     
-------------------------------------------------------------------------------------------------------------------------------------------
Coverage                                                                                                                                   
  ------------------------------------------------------------------------------------------------------                                   
  test_coverage                                                                                                  15.40%             19.34% 
  fault_coverage                                                                                                 14.29%             17.63% 
  atpg_effectiveness                                                                                             47.94%             47.94% 
-------------------------------------------------------------------------------------------------------------------------------------------
#test_patterns                                                                                                                           0 
#simulated_patterns                                                                                                                      0 
CPU_time (secs)                                                                                                                        6.8 
-------------------------------------------------------------------------------------------------------------------------------------------

//  command: create_patterns 
// | ------------------------------------------------------------------------------------------------------------------ |
// |                                             Analyzing the design                                                   |
// |                                                                                                                    |
// |      Current clock restriction setting:     Domain_clock (edge interaction)                                        |
// |                                             (optimal)                                                              |
// |                                                                                                                    |
// |            Current abort limit setting:     30                                                                     |
// |                                Calling:     set_abort_limit 300 100                                                |
// | ------------------------------------------------------------------------------------------------------------------ |
// |                                                                                                                    |
// |               Current sequential depth:     0                                                                      |
// |               Optimal sequential depth:     2                                                                      |
// |                                Calling:     set_pattern_type -sequential 2                                         |
// |                                                                                                                    |
// | ------------------------------------------------------------------------------------------------------------------ |
//  ------------------------------------------------------------------------
//  Simulation performed for #gates = 36345  #faults = 61239
//  system mode = analysis    pattern source = internal patterns
//  ------------------------------------------------------------------------
//  #patterns  test      #faults  #faults    # eff.    # test         process      RE/AU/AAB/EAB
//  simulated  coverage  in list  detected   patterns  patterns       CPU time
//   ---        ------      ---       ---      ---       ---          2.77 sec     11/31983/0/3
//   64         51.50%    21574     39647       64        64          3.58 sec
//   ---        ------      ---       ---      ---       ---          5.70 sec     41/32033/0/21
//   128        56.29%    16222      5254       64       128          5.82 sec
//   ---        ------      ---       ---      ---       ---          7.29 sec     63/32044/1/31
//   192        58.38%    13877      2298       64       192          7.36 sec
//   ---        ------      ---       ---      ---       ---          9.10 sec     109/32115/4/45
//   256        60.18%    11788      1946       64       256          9.16 sec
//   ---        ------      ---       ---      ---       ---         10.63 sec     144/32121/11/54
//   320        61.48%    10328      1408       63       319         10.69 sec
//   ---        ------      ---       ---      ---       ---         11.71 sec     176/32126/20/68
//   384        62.46%     9208      1067       64       383         11.76 sec
//   ---        ------      ---       ---      ---       ---         13.05 sec     221/32133/29/84
//   448        63.30%     8239       897       64       447         13.09 sec
//   ---        ------      ---       ---      ---       ---         14.29 sec     362/32149/32/107
//   512        64.08%     7293       767       64       511         14.33 sec
//   ---        ------      ---       ---      ---       ---         15.43 sec     707/32157/33/132
//   576        64.97%     6166       749       64       575         15.46 sec
//   ---        ------      ---       ---      ---       ---         16.08 sec     1157/32167/33/151
//   640        65.78%     5097       590       63       638         16.11 sec
//   ---        ------      ---       ---      ---       ---         17.20 sec     1852/32203/33/170
//   704        66.73%     3770       579       64       702         17.23 sec
//   ---        ------      ---       ---      ---       ---         17.88 sec     2661/32224/33/204
//   768        67.78%     2338       588       64       766         17.91 sec
//   ---        ------      ---       ---      ---       ---         18.61 sec     3368/32269/33/235
//   832        68.65%     1104       457       62       828         18.64 sec
//   ---        ------      ---       ---      ---       ---         18.94 sec     3508/32283/33/255
//   896        69.01%      665       280       62       890         18.96 sec
//   ---        ------      ---       ---      ---       ---         19.05 sec     3508/32283/33/261
//   960        69.19%      472       193       61       951         19.07 sec
//   ---        ------      ---       ---      ---       ---         19.13 sec     3508/32283/33/270
//   1024       69.35%      294       178       64      1015         19.15 sec
//   ---        ------      ---       ---      ---       ---         19.18 sec     3508/32283/35/273
//   1039       69.38%      263        31       15      1030         19.19 sec
//  6877 faults were identified as detected by implication.
//   ---        ------      ---       ---      ---       ---         19.35 sec     3508/25524/9/252
//   1041       75.78%      261         2        2      1032         19.35 sec
//  Warning: Tests for 125 collapsed faults (252 uncollapsed) could not be compressed (0.18%).
//           Reducing the number of scan chains may resolve this problem.
//  5 faults were identified as detected by implication.
//  -----------------------------------------------------------------------
//  Performing redundant fault identification for 9699 faults
//  -----------------------------------------------------------------------
//  deterministic ATPG invoked with abort limit = 300
//  # red.    # non-red.   # abort     # remn.   progress   test        process
//  faults      faults      faults      faults              coverage    CPU time
//       8        8891          2          798    91.77%    75.79%       0.23 sec
//      40        9653          6            0   100.00%    75.81%       0.48 sec

                          Statistics Report                         
                           Stuck-at Faults                          
--------------------------------------------------------------------
Fault Classes                          #faults          #faults     
                                       (total)      (total relevant)
---------------------------------  --------------  ------------------
  FU (full)                            118688            102493     
  -------------------------------  --------------  ------------------
  UO (unobserved)                    259 ( 0.22%)      same ( 0.25%)
  DS (det_simulation)              56931 (47.97%)      same (55.55%)
  DI (det_implication)             23847 (20.09%)      same (23.27%)
  PU (posdet_untestable)             114 ( 0.10%)      same ( 0.11%)
  PT (posdet_testable)                 2 ( 0.00%)      same ( 0.00%)
  UU (unused)                       1566 ( 1.32%)      same ( 1.53%)
  TI (tied)                         4117 ( 3.47%)      same ( 4.02%)
  BL (blocked)                      2825 ( 2.38%)      same ( 2.76%)
  RE (redundant)                    3548 ( 2.99%)      same ( 3.46%)
  AU (atpg_untestable)             25479 (21.47%)      9284 ( 9.06%)
--------------------------------------------------------------------
Fault Sub-classes                                                   
  -------------------------------                                   
  AU (atpg_untestable)                                              
    UDN   (undriven)                 398 ( 0.34%)      same ( 0.39%)
    BB    (black_boxes)             1226 ( 1.03%)      same ( 1.20%)
    EDT   (edt_blocks)              8159 ( 6.87%)        deleted     
    PC*   (pin_constraints)         1354 ( 1.14%)      same ( 1.32%)
    TC*   (tied_cells)              3548 ( 2.99%)      same ( 3.46%)
    MPO   (mask_po)                 2431 ( 2.05%)      same ( 2.37%)
    SEQ   (sequential_depth)         105 ( 0.09%)      same ( 0.10%)
    OCC   (on_chip_clock_control)   1335 ( 1.12%)        deleted     
    IJTAG (ijtag)                   6701 ( 5.65%)        deleted     
    Unclassified                     222 ( 0.19%)      same ( 0.22%)
  UC+UO                                                             
    AAB   (atpg_abort)                 7 ( 0.01%)      same ( 0.01%)
    EAB   (edt_abort)                252 ( 0.21%)      same ( 0.25%)
  *Use "report_statistics -detailed_analysis" for details.          
--------------------------------------------------------------------
Coverage                                                            
  -------------------------------                                   
  test_coverage                           75.81%             89.38% 
  fault_coverage                          68.11%             78.87% 
  atpg_effectiveness                      99.78%             99.78% 
--------------------------------------------------------------------
#test_patterns                                                 1032 
  #basic_patterns                                               888 
  #clock_sequential_patterns                                    144 
#simulated_patterns                                            1041 
CPU_time (secs)                                                26.7 
--------------------------------------------------------------------

//  command: report_statistics -detail
                                                             Statistics Report                                                             
                                                              Stuck-at Faults                                                              
-------------------------------------------------------------------------------------------------------------------------------------------
Fault Classes                                                                                                 #faults          #faults     
                                                                                                              (total)      (total relevant)
--------------------------------------------------------------------------------------------------------  --------------  ------------------
  FU (full)                                                                                                   118688            102493     
  ------------------------------------------------------------------------------------------------------  --------------  ------------------
  UO (unobserved)                                                                                           259 ( 0.22%)      same ( 0.25%)
  DS (det_simulation)                                                                                     56931 (47.97%)      same (55.55%)
  DI (det_implication)                                                                                    23847 (20.09%)      same (23.27%)
  PU (posdet_untestable)                                                                                    114 ( 0.10%)      same ( 0.11%)
  PT (posdet_testable)                                                                                        2 ( 0.00%)      same ( 0.00%)
  UU (unused)                                                                                              1566 ( 1.32%)      same ( 1.53%)
  TI (tied)                                                                                                4117 ( 3.47%)      same ( 4.02%)
  BL (blocked)                                                                                             2825 ( 2.38%)      same ( 2.76%)
  RE (redundant)                                                                                           3548 ( 2.99%)      same ( 3.46%)
  AU (atpg_untestable)                                                                                    25479 (21.47%)      9284 ( 9.06%)
-------------------------------------------------------------------------------------------------------------------------------------------
Fault Sub-classes                                                                                                                          
  ------------------------------------------------------------------------------------------------------                                   
  DI (det_implication)                                                                                                                     
    EDT   (edt_logic)                                                                                      6746 ( 5.68%)      same ( 6.58%)
    SCAN  (scan_path)                                                                                     10850 ( 9.14%)      same (10.59%)
    SEN   (scan_enable)                                                                                    2378 ( 2.00%)      same ( 2.32%)
    CLK   (clock)                                                                                          3867 ( 3.26%)      same ( 3.77%)
    SR    (set_reset)                                                                                         6 ( 0.01%)      same ( 0.01%)
  AU (atpg_untestable)                                                                                                                     
    UDN   (undriven)                                                                                        398 ( 0.34%)      same ( 0.39%)
    BB    (black_boxes)                                                                                    1226 ( 1.03%)      same ( 1.20%)
    EDT   (edt_blocks)                                                                                     8159 ( 6.87%)        deleted     
    PC    (pin_constraints)                                                                                1354 ( 1.14%)      same ( 1.32%)
      (Individual pin constraints below threshold)                                                         1330 ( 1.12%)                   
      (Combined pin constraints)                                                                             24 ( 0.02%)                   
    TC    (tied_cells)                                                                                     3548 ( 2.99%)      same ( 3.46%)
      /msrv_soc_uncorewrapper_pass2_rtl_tessent_tdr_sri_ctrl_inst/rtlcreg_ext_ltest_en_latch (35517) T0    1844 ( 1.55%)                   
      /msrv_soc_uncorewrapper_pass2_rtl_tessent_tdr_sri_ctrl_inst/rtlcreg_int_ltest_en_latch (35518) T1    1387 ( 1.17%)                   
      /msrv_soc_uncorewrapper_pass2_rtl_tessent_tdr_sri_ctrl_inst/rtlcreg_x_bounding_en_latch (35514) T0    207 ( 0.17%)                   
      (Individual tied cells below threshold)                                                               110 ( 0.09%)                   
    MPO   (mask_po)                                                                                        2431 ( 2.05%)      same ( 2.37%)
    SEQ   (sequential_depth)                                                                                105 ( 0.09%)      same ( 0.10%)
    OCC   (on_chip_clock_control)                                                                          1335 ( 1.12%)        deleted     
    IJTAG (ijtag)                                                                                          6701 ( 5.65%)        deleted     
    Unclassified                                                                                            222 ( 0.19%)      same ( 0.22%)
  UC+UO                                                                                                                                    
    AAB   (atpg_abort)                                                                                        7 ( 0.01%)      same ( 0.01%)
    EAB   (edt_abort)                                                                                       252 ( 0.21%)      same ( 0.25%)
-------------------------------------------------------------------------------------------------------------------------------------------
Coverage                                                                                                                                   
  ------------------------------------------------------------------------------------------------------                                   
  test_coverage                                                                                                  75.81%             89.38% 
  fault_coverage                                                                                                 68.11%             78.87% 
  atpg_effectiveness                                                                                             99.78%             99.78% 
-------------------------------------------------------------------------------------------------------------------------------------------
#test_patterns                                                                                                                        1032 
  #basic_patterns                                                                                                                      888 
  #clock_sequential_patterns                                                                                                           144 
#simulated_patterns                                                                                                                   1041 
CPU_time (secs)                                                                                                                       26.7 
-------------------------------------------------------------------------------------------------------------------------------------------

//  command: write_tsdb_data -replace
//  Writing ./TSDB/logic_test_cores/msrv_soc_uncorewrapper_gate2.logic_test_core/msrv_soc_uncorewrapper.atpg_mode_edt_int_stuck/msrv_soc_uncorewrapper_edt_int_stuck.tcd.gz
//  Writing ./TSDB/logic_test_cores/msrv_soc_uncorewrapper_gate2.logic_test_core/msrv_soc_uncorewrapper.atpg_mode_edt_int_stuck/msrv_soc_uncorewrapper_edt_int_stuck.flat.gz
//  Writing ./TSDB/logic_test_cores/msrv_soc_uncorewrapper_gate2.logic_test_core/msrv_soc_uncorewrapper.atpg_mode_edt_int_stuck/msrv_soc_uncorewrapper_edt_int_stuck_stuck.patdb
//  Note: Number of chain test patterns saved = 33.
//  Writing ./TSDB/logic_test_cores/msrv_soc_uncorewrapper_gate2.logic_test_core/msrv_soc_uncorewrapper.atpg_mode_edt_int_stuck/msrv_soc_uncorewrapper_edt_int_stuck_stuck.faults.gz
//  command: write_patterns patterns/msrv_soc_uncorewrapper_stuck_parallel.v -verilog -parallel -replace
//  Warning: Scan chains contain shadow elements which can cause simulation
//   mismatches in parallel load test benches.
//   To correct for this, a second shift vector is being added when loading
//   the scan chains, this is similar to using a post shift in the
//   load_unload procedure.
//  Note: Number of chain test patterns saved = 33.
//  command: set_pattern_filtering -sample_per_type 2
//  Internal pattern filtering is on: 4 pattern type(s), 8 selected pattern(s), 1032 original pattern(s).
//  command: write_patterns patterns/msrv_soc_uncorewrapper_stuck_serial.v -verilog -serial -replace
//  Note: Number of chain test patterns saved = 33.
//  Note: pattern filtering is on, #-saved-pattern(s) = 8, #-total-pattern(s) = 1032
//  command: #read_faults -mode ext_multi_stuck -fault_type stuck -merge
//  command: report_statistics -detail
                                                             Statistics Report                                                             
                                                              Stuck-at Faults                                                              
-------------------------------------------------------------------------------------------------------------------------------------------
Fault Classes                                                                                                 #faults          #faults     
                                                                                                              (total)      (total relevant)
--------------------------------------------------------------------------------------------------------  --------------  ------------------
  FU (full)                                                                                                   118688            102493     
  ------------------------------------------------------------------------------------------------------  --------------  ------------------
  UO (unobserved)                                                                                           259 ( 0.22%)      same ( 0.25%)
  DS (det_simulation)                                                                                     56931 (47.97%)      same (55.55%)
  DI (det_implication)                                                                                    23847 (20.09%)      same (23.27%)
  PU (posdet_untestable)                                                                                    114 ( 0.10%)      same ( 0.11%)
  PT (posdet_testable)                                                                                        2 ( 0.00%)      same ( 0.00%)
  UU (unused)                                                                                              1566 ( 1.32%)      same ( 1.53%)
  TI (tied)                                                                                                4117 ( 3.47%)      same ( 4.02%)
  BL (blocked)                                                                                             2825 ( 2.38%)      same ( 2.76%)
  RE (redundant)                                                                                           3548 ( 2.99%)      same ( 3.46%)
  AU (atpg_untestable)                                                                                    25479 (21.47%)      9284 ( 9.06%)
-------------------------------------------------------------------------------------------------------------------------------------------
Fault Sub-classes                                                                                                                          
  ------------------------------------------------------------------------------------------------------                                   
  DI (det_implication)                                                                                                                     
    EDT   (edt_logic)                                                                                      6746 ( 5.68%)      same ( 6.58%)
    SCAN  (scan_path)                                                                                     10850 ( 9.14%)      same (10.59%)
    SEN   (scan_enable)                                                                                    2378 ( 2.00%)      same ( 2.32%)
    CLK   (clock)                                                                                          3867 ( 3.26%)      same ( 3.77%)
    SR    (set_reset)                                                                                         6 ( 0.01%)      same ( 0.01%)
  AU (atpg_untestable)                                                                                                                     
    UDN   (undriven)                                                                                        398 ( 0.34%)      same ( 0.39%)
    BB    (black_boxes)                                                                                    1226 ( 1.03%)      same ( 1.20%)
    EDT   (edt_blocks)                                                                                     8159 ( 6.87%)        deleted     
    PC    (pin_constraints)                                                                                1354 ( 1.14%)      same ( 1.32%)
      (Individual pin constraints below threshold)                                                         1330 ( 1.12%)                   
      (Combined pin constraints)                                                                             24 ( 0.02%)                   
    TC    (tied_cells)                                                                                     3548 ( 2.99%)      same ( 3.46%)
      /msrv_soc_uncorewrapper_pass2_rtl_tessent_tdr_sri_ctrl_inst/rtlcreg_ext_ltest_en_latch (35517) T0    1844 ( 1.55%)                   
      /msrv_soc_uncorewrapper_pass2_rtl_tessent_tdr_sri_ctrl_inst/rtlcreg_int_ltest_en_latch (35518) T1    1387 ( 1.17%)                   
      /msrv_soc_uncorewrapper_pass2_rtl_tessent_tdr_sri_ctrl_inst/rtlcreg_x_bounding_en_latch (35514) T0    207 ( 0.17%)                   
      (Individual tied cells below threshold)                                                               110 ( 0.09%)                   
    MPO   (mask_po)                                                                                        2431 ( 2.05%)      same ( 2.37%)
    SEQ   (sequential_depth)                                                                                105 ( 0.09%)      same ( 0.10%)
    OCC   (on_chip_clock_control)                                                                          1335 ( 1.12%)        deleted     
    IJTAG (ijtag)                                                                                          6701 ( 5.65%)        deleted     
    Unclassified                                                                                            222 ( 0.19%)      same ( 0.22%)
  UC+UO                                                                                                                                    
    AAB   (atpg_abort)                                                                                        7 ( 0.01%)      same ( 0.01%)
    EAB   (edt_abort)                                                                                       252 ( 0.21%)      same ( 0.25%)
-------------------------------------------------------------------------------------------------------------------------------------------
Coverage                                                                                                                                   
  ------------------------------------------------------------------------------------------------------                                   
  test_coverage                                                                                                  75.81%             89.38% 
  fault_coverage                                                                                                 68.11%             78.87% 
  atpg_effectiveness                                                                                             99.78%             99.78% 
-------------------------------------------------------------------------------------------------------------------------------------------
#test_patterns                                                                                                                        1032 
  #basic_patterns                                                                                                                      888 
  #clock_sequential_patterns                                                                                                           144 
#simulated_patterns                                                                                                                   1041 
CPU_time (secs)                                                                                                                       28.1 
-------------------------------------------------------------------------------------------------------------------------------------------

//  command: exit 
